---
source: src/ui/mod.rs
expression: output
---
                                                                                                    
                                                                                                    
                                                                                                    
                                                                                                    
    ╭ Help · Overview ─────────────────────────────────────────────────────────────────────────╮    
    │ Inspect, filter, group, and sort captured connections.                                 ▐ │    
    │                                                                                        ▐ │    
    │ ▎ Connection Navigation                                                                ▐ │    
    │   ↑/k, ↓/j      Select previous or next connection                                     ▐ │    
    │   g, G          Jump to first or last connection                                       ▐ │    
    │   Page Up/Down  Move by one page                                                       ▐ │    
    │   Ctrl+B/F      Move by one page                                                       ▐ │    
    │                                                                                        ▐ │    
    │ ▎ Overview Actions                                                                     ▐ │    
    │   Enter   Open the selected connection in Details                                      ▐ │    
    │   /       Enter filter mode                                                            ▐ │    
    │   Esc     Clear the active filter                                                      ▐ │    
    │   c       Copy the selected remote address                                             ▐ │    
    │   p       Toggle service names and port numbers                                        ▐ │    
    │   d       Toggle hostnames and IP addresses                                            ▐ │    
    │   s, S    Change sort column or direction                                                │    
    │   a       Toggle process grouping                                                        │    
    │   Space   Expand or collapse the selected group                                          │    
    │   ←/→, l  Collapse or expand the selected group                                          │    
    │   t       Toggle historic connections                                                    │    
    │   i       Toggle the System info panel                                                   │    
    │   r       Reset grouping, sorting, filter, and history                                   │    
    │                                                                                          │    
    │ ▎ Connection Display                                                                     │    
    │   Full color  Active connection                                                          │    
    │   Countdown   Idle; the ▎ stripe and ↓/↑ countdown run yellow to red until removal       │    
    │   Gray        Historic closed connection                                                 │    
    │   ~name       Hostname inferred from an observed DNS response                            │    
    │   App column  Application protocol, SNI, or HTTP Host                                    │    
    │   R3/O1       Health for TCP: retransmits and out-of-order packets                       │    
    ╰──────────────────────────────────────────────────────────────────────────────────────────╯
