---
source: src/ui/mod.rs
assertion_line: 1121
expression: output
---
                                                                                
                                                                                
                                                                                
                                                                                
                                                                                
                                                                                
                                                                                
                                                                                
╭RustNet Monitor───────────────────────────────────────────────────────────────╮
│                                                                              │
│                       ⣾ Loading network connections...                       │
│                                                                              │
│                   Preparing capture and process attribution                  │
│                                                                              │
│                   ⠀⠀⠀⠀⠀⠀⠀⠀⠀⠀⠀⠀⠀⠀⣠⣶⣿⣿⣿⣿⣷⣤⡀⠀⠀⠀⠀⠀⢀⣠⣤⣤⣤⣄⡀⠀⠀⠀⠀⠀                   │
│                   ⣀⣠⣴⣾⣿⣿⣿⣷⣦⣄⣀⣀⣠⣾⣿⣿⣿⣿⣿⣿⣿⣿⣿⣦⣀⣀⣠⣴⣿⣿⣿⣿⣿⣿⣿⣶⣤⣀⣀⠀                   │
╰──────────────────────────────────────────────────────────────────────────────╯
