---
source: src/ui/mod.rs
expression: output
---
 rustnet    1 Overview   2 Details   3 Activity   4 Graph   5 Host                                                                    ● eth0
─────────────────────────━━━━━━━━━──────────────────────────────────────────────────────────────────────────────────────────────────────────
  Process               Remote                  Local              Service    App                      State           RTT Hlth      Rx↓/Tx↑
                                                                                                                                            
▌ -                     224.0.0.251:0           192.168.1.10:0     -          IGMP                     REPORT_V2(…       - -             -/-
                                                                                                                                            
                                                                                                                                            
                                                                                                                                            
▎ ? → 224.0.0.251:0 [REPORT_V2(224.0.0.251)] · click a field to copy                                                                        
Connection                                                            Application: IGMP                                                    ▐
Protocol              IGMP                                            Message               Membership Report v2                           ▐
Status                Active (last seen <T> ago)                       Group Address         224.0.0.251                                    ▐
Local Address         192.168.1.10:0                                                                                                       ▐
Remote Address        224.0.0.251:0                                                                                                        ▐
Scope                 MULTICAST                                                                                                            ▐
State                 REPORT_V2(224.0.0.251)                                                                                               ▐
Process               -                                                                                                                    ▐
PID                   -                                                                                                                    ▐
Service               -                                                                                                                    ▐
                                                                                                                                           ▐
Network Context                                                       Transport Health                                                     ▐
Local Hostname        -                                               No transport metrics for this protocol                               ▐
Local MAC             -                                                                                                                    ▐
Remote Hostname       -                                                                                                                    ▐
Attributed Name       -                                                                                                                    ▐
Attributed Via        -                                                                                                                    ▐
Remote MAC            -                                                                                                                     
Country               -                                                                                                                     
City                  -                                                                                                                     
ASN                   -                                                                                                                     
                                                                                                                                            
                                                                                                                                            
▎ Traffic Statistics                                                                                                                        
↓ RX -           →                                 peak           -   ↑ TX -           →                                 peak           -   
Total 0 B  ·  0 packets                                               Total 0 B  ·  0 packets                                               
⠀⠀⠀⠀⠀⠀⠀⠀⠀⠀⠀⠀⠀⠀⠀⠀⠀⠀⠀⠀⠀⠀⠀⠀⠀⠀⠀⠀⠀⠀⠀⠀⠀⠀⠀⠀⠀⠀⠀⠀⠀⠀⠀⠀⠀⠀⠀⠀⠀⠀⠀⠀⠀⠀⠀⠀⠀⠀⠀⠀⠀⠀⠀⠀⠀⠀⠀⠀  ⠀⠀⠀⠀⠀⠀⠀⠀⠀⠀⠀⠀⠀⠀⠀⠀⠀⠀⠀⠀⠀⠀⠀⠀⠀⠀⠀⠀⠀⠀⠀⠀⠀⠀⠀⠀⠀⠀⠀⠀⠀⠀⠀⠀⠀⠀⠀⠀⠀⠀⠀⠀⠀⠀⠀⠀⠀⠀⠀⠀⠀⠀⠀⠀⠀⠀⠀⠀  
⠀⠀⠀⠀⠀⠀⠀⠀⠀⠀⠀⠀⠀⠀⠀⠀⠀⠀⠀⠀⠀⠀⠀⠀⠀⠀⠀⠀⠀⠀⠀⠀⠀⠀⠀⠀⠀⠀⠀⠀⠀⠀⠀⠀⠀⠀⠀⠀⠀⠀⠀⠀⠀⠀⠀⠀⠀⠀⠀⠀⠀⠀⠀⠀⠀⠀⠀⠀  ⠀⠀⠀⠀⠀⠀⠀⠀⠀⠀⠀⠀⠀⠀⠀⠀⠀⠀⠀⠀⠀⠀⠀⠀⠀⠀⠀⠀⠀⠀⠀⠀⠀⠀⠀⠀⠀⠀⠀⠀⠀⠀⠀⠀⠀⠀⠀⠀⠀⠀⠀⠀⠀⠀⠀⠀⠀⠀⠀⠀⠀⠀⠀⠀⠀⠀⠀⠀  
⠀⠀⠀⠀⠀⠀⠀⠀⠀⠀⠀⠀⠀⠀⠀⠀⠀⠀⠀⠀⠀⠀⠀⠀⠀⠀⠀⠀⠀⠀⠀⠀⠀⠀⠀⠀⠀⠀⠀⠀⠀⠀⠀⠀⠀⠀⠀⠀⠀⠀⠀⠀⠀⠀⠀⠀⠀⠀⠀⠀⠀⠀⠀⠀⠀⠀⠀⠀  ⠀⠀⠀⠀⠀⠀⠀⠀⠀⠀⠀⠀⠀⠀⠀⠀⠀⠀⠀⠀⠀⠀⠀⠀⠀⠀⠀⠀⠀⠀⠀⠀⠀⠀⠀⠀⠀⠀⠀⠀⠀⠀⠀⠀⠀⠀⠀⠀⠀⠀⠀⠀⠀⠀⠀⠀⠀⠀⠀⠀⠀⠀⠀⠀⠀⠀⠀⠀  
⠀⠀⠀⠀⠀⠀⠀⠀⠀⠀⠀⠀⠀⠀⠀⠀⠀⠀⠀⠀⠀⠀⠀⠀⠀⠀⠀⠀⠀⠀⠀⠀⠀⠀⠀⠀⠀⠀⠀⠀⠀⠀⠀⠀⠀⠀⠀⠀⠀⠀⠀⠀⠀⠀⠀⠀⠀⠀⠀⠀⠀⠀⠀⠀⠀⠀⠀⠀  ⠀⠀⠀⠀⠀⠀⠀⠀⠀⠀⠀⠀⠀⠀⠀⠀⠀⠀⠀⠀⠀⠀⠀⠀⠀⠀⠀⠀⠀⠀⠀⠀⠀⠀⠀⠀⠀⠀⠀⠀⠀⠀⠀⠀⠀⠀⠀⠀⠀⠀⠀⠀⠀⠀⠀⠀⠀⠀⠀⠀⠀⠀⠀⠀⠀⠀⠀⠀  
 j/k prev/next  ctrl-d/u scroll  c copy remote addr  esc back                                                                h help  q quit
