---
source: src/ui/mod.rs
expression: output
---
 rustnet    1 Overview   2 Details   3 Activity   4 Graph   5 Host                                                                    ● eth0
─────────────────────────━━━━━━━━━──────────────────────────────────────────────────────────────────────────────────────────────────────────
  Process               Remote                  Local              Service    App                      State           RTT Hlth      Rx↓/Tx↑
                                                                                                                                            
▌ proc (4242)           203.0.113.7:4433        192.168.1.10:50000 -          UDP·DNS (example.com)    DNS_RESPON…       - -             -/-
                                                                                                                                            
                                                                                                                                            
                                                                                                                                            
▎ proc → 203.0.113.7:4433 [DNS_RESPONSE] · click a field to copy                                                                            
Connection                                                            Application: DNS                                                     ▐
Protocol              UDP                                             DNS Query             example.com                                    ▐
Status                Active (last seen <T> ago)                       DNS Type              A                                              ▐
Local Address         192.168.1.10:50000                              DNS Response IPs      93.184.216.34, 93.184.216.35                   ▐
Remote Address        203.0.113.7:4433                                DNS Answer            -                                              ▐
Scope                 DOCUMENTATION                                   Transaction ID        0x1234                                         ▐
State                 DNS_RESPONSE                                                                                                         ▐
Process               proc                                                                                                                 ▐
PID                   4242                                                                                                                 ▐
Service               -                                                                                                                    ▐
                                                                                                                                           ▐
Network Context                                                       Transport Health                                                     ▐
Local Hostname        -                                               DNS Response Time     -                                              ▐
Local MAC             -                                               Last Response Code    NOERROR                                        ▐
Remote Hostname       -                                               Request Retries (R)   -                                              ▐
Attributed Name       -                                               Request Timeouts (T)  -                                              ▐
Attributed Via        -                                                                                                                    ▐
Remote MAC            -                                               Timed by pairing query and response IDs                               
Country               -                                                                                                                     
City                  -                                                                                                                     
ASN                   -                                                                                                                     
                                                                                                                                            
                                                                                                                                            
▎ Traffic Statistics                                                                                                                        
↓ RX -           →                                 peak           -   ↑ TX -           →                                 peak           -   
Total 0 B  ·  0 packets                                               Total 0 B  ·  0 packets                                               
⠀⠀⠀⠀⠀⠀⠀⠀⠀⠀⠀⠀⠀⠀⠀⠀⠀⠀⠀⠀⠀⠀⠀⠀⠀⠀⠀⠀⠀⠀⠀⠀⠀⠀⠀⠀⠀⠀⠀⠀⠀⠀⠀⠀⠀⠀⠀⠀⠀⠀⠀⠀⠀⠀⠀⠀⠀⠀⠀⠀⠀⠀⠀⠀⠀⠀⠀⠀  ⠀⠀⠀⠀⠀⠀⠀⠀⠀⠀⠀⠀⠀⠀⠀⠀⠀⠀⠀⠀⠀⠀⠀⠀⠀⠀⠀⠀⠀⠀⠀⠀⠀⠀⠀⠀⠀⠀⠀⠀⠀⠀⠀⠀⠀⠀⠀⠀⠀⠀⠀⠀⠀⠀⠀⠀⠀⠀⠀⠀⠀⠀⠀⠀⠀⠀⠀⠀  
⠀⠀⠀⠀⠀⠀⠀⠀⠀⠀⠀⠀⠀⠀⠀⠀⠀⠀⠀⠀⠀⠀⠀⠀⠀⠀⠀⠀⠀⠀⠀⠀⠀⠀⠀⠀⠀⠀⠀⠀⠀⠀⠀⠀⠀⠀⠀⠀⠀⠀⠀⠀⠀⠀⠀⠀⠀⠀⠀⠀⠀⠀⠀⠀⠀⠀⠀⠀  ⠀⠀⠀⠀⠀⠀⠀⠀⠀⠀⠀⠀⠀⠀⠀⠀⠀⠀⠀⠀⠀⠀⠀⠀⠀⠀⠀⠀⠀⠀⠀⠀⠀⠀⠀⠀⠀⠀⠀⠀⠀⠀⠀⠀⠀⠀⠀⠀⠀⠀⠀⠀⠀⠀⠀⠀⠀⠀⠀⠀⠀⠀⠀⠀⠀⠀⠀⠀  
⠀⠀⠀⠀⠀⠀⠀⠀⠀⠀⠀⠀⠀⠀⠀⠀⠀⠀⠀⠀⠀⠀⠀⠀⠀⠀⠀⠀⠀⠀⠀⠀⠀⠀⠀⠀⠀⠀⠀⠀⠀⠀⠀⠀⠀⠀⠀⠀⠀⠀⠀⠀⠀⠀⠀⠀⠀⠀⠀⠀⠀⠀⠀⠀⠀⠀⠀⠀  ⠀⠀⠀⠀⠀⠀⠀⠀⠀⠀⠀⠀⠀⠀⠀⠀⠀⠀⠀⠀⠀⠀⠀⠀⠀⠀⠀⠀⠀⠀⠀⠀⠀⠀⠀⠀⠀⠀⠀⠀⠀⠀⠀⠀⠀⠀⠀⠀⠀⠀⠀⠀⠀⠀⠀⠀⠀⠀⠀⠀⠀⠀⠀⠀⠀⠀⠀⠀  
⠀⠀⠀⠀⠀⠀⠀⠀⠀⠀⠀⠀⠀⠀⠀⠀⠀⠀⠀⠀⠀⠀⠀⠀⠀⠀⠀⠀⠀⠀⠀⠀⠀⠀⠀⠀⠀⠀⠀⠀⠀⠀⠀⠀⠀⠀⠀⠀⠀⠀⠀⠀⠀⠀⠀⠀⠀⠀⠀⠀⠀⠀⠀⠀⠀⠀⠀⠀  ⠀⠀⠀⠀⠀⠀⠀⠀⠀⠀⠀⠀⠀⠀⠀⠀⠀⠀⠀⠀⠀⠀⠀⠀⠀⠀⠀⠀⠀⠀⠀⠀⠀⠀⠀⠀⠀⠀⠀⠀⠀⠀⠀⠀⠀⠀⠀⠀⠀⠀⠀⠀⠀⠀⠀⠀⠀⠀⠀⠀⠀⠀⠀⠀⠀⠀⠀⠀  
 j/k prev/next  ctrl-d/u scroll  c copy remote addr  esc back                                                                h help  q quit
