---
source: src/ui/mod.rs
expression: output
---
                                                                                                    
    ╭ Help · Details ──────────────────────────────────────────────────────────────────────────╮    
    │ Inspect the currently selected connection.                                             ▐ │    
    │                                                                                        ▐ │    
    │ ▎ Details Actions                                                                      ▐ │    
    │   ↑/k, ↓/j      Show the previous or next connection                                   ▐ │    
    │   g, G          Show the first or last connection                                      ▐ │    
    │   Page Up/Down  Move through connections by one page                                   ▐ │    
    │   Ctrl+B/F      Move through connections by one page                                   ▐ │    
    │   Ctrl+D/U      Scroll the connection information panes                                ▐ │    
    │   c             Copy the remote address                                                ▐ │    
    │   Esc           Return to Overview                                                     ▐ │    
    │                                                                                        ▐ │    
    │ ▎ Transport Health                                                                     ▐ │    
    │   Window Size     Advertised receive windows: ↓ this host's, ↑ the remote's            ▐ │    
    │   unknown window  Scaling is announced only in a handshake rustnet did not see         ▐ │    
    │   Initial RTT     Blank without a captured handshake; Live RTT still measures          ▐ │    
    │                                                                                        ▐ │    
    │ ▎ Connection Display                                                                     │    
    │   Full color  Active connection                                                          │    
    │   Countdown   Idle; the ▎ stripe and ↓/↑ countdown run yellow to red until removal       │    
    │   Gray        Historic closed connection                                                 │    
    │   ~name       Hostname inferred from an observed DNS response                            │    
    │   App column  Application protocol, SNI, or HTTP Host                                    │    
    │   R3/O1       Health for TCP: retransmits and out-of-order packets                       │    
    │   R1/V0       Health for QUIC: Retry and Version Negotiation packets                     │    
    │   R2/T1       Health for UDP requests: retries and timeouts                              │    
    │   ok, -       Healthy connection, or an ungraded protocol                                │    
    ╰──────────────────────────────────────────────────────────────────────────────────────────╯
